Apollo Guidance Computer (AGC) assembler, version 2024-03-06, built Mar 29 2024, target AGC4
(c)2003-2005,2009-2010,2016-2018,2021 Ronald S. Burkey
Refer to http://www.ibiblio.org/apollo/index.html for more information.
Pass #1
Pass #2
Pass #3
000001,000001:    4000                                           SETLOC   4000                          	#
000002,000002:    4000           00004                           INHINT                                 	#
000003,000003: 
000004,000004:    4001           34010                           CAF      TEN                           	#
000005,000005:    4002           54001                           TS       L                             	#
000006,000006:    4003           34011                           CAF      FIVE                          	#
000007,000007:    4004           54002                           TS       Q                             	#
000008,000008: 
000009,000009:    4005           22002                           LXCH     Q                             	#
000010,000010: 
000011,000011:    4006           00006                           EXTEND                                 	#
000012,000012:    4007           22001                           QXCH     L                             	#
000013,000013: 
000014,000014:    4010                        Q                  =        2                             	#
000015,000015:    4010                        L                  =        1                             	#
000016,000016:    4010           00012        TEN                DEC      10         B-14               	#
000017,000017:    4011           00005        FIVE               DEC      5          B-14               	#
Removing the duplicated lines... 

Symbol-table file written.


Usage Table for Fixed-Memory Banks
----------------------------------
Bank 00:  0000/2000 words used.
Bank 01:  0000/2000 words used.
Bank 02:  0012/2000 words used.
Bank 03:  0000/2000 words used.
Bank 04:  0000/2000 words used.
Bank 05:  0000/2000 words used.
Bank 06:  0000/2000 words used.
Bank 07:  0000/2000 words used.
Bank 10:  0000/2000 words used.
Bank 11:  0000/2000 words used.
Bank 12:  0000/2000 words used.
Bank 13:  0000/2000 words used.
Bank 14:  0000/2000 words used.
Bank 15:  0000/2000 words used.
Bank 16:  0000/2000 words used.
Bank 17:  0000/2000 words used.
Bank 20:  0000/2000 words used.
Bank 21:  0000/2000 words used.
Bank 22:  0000/2000 words used.
Bank 23:  0000/2000 words used.
Bank 24:  0000/2000 words used.
Bank 25:  0000/2000 words used.
Bank 26:  0000/2000 words used.
Bank 27:  0000/2000 words used.
Bank 30:  0000/2000 words used.
Bank 31:  0000/2000 words used.
Bank 32:  0000/2000 words used.
Bank 33:  0000/2000 words used.
Bank 34:  0000/2000 words used.
Bank 35:  0000/2000 words used.
Bank 36:  0000/2000 words used.
Bank 37:  0000/2000 words used.
Bank 40:  0000/2000 words used.
Bank 41:  0000/2000 words used.
Bank 42:  0000/2000 words used.
Bank 43:  0000/2000 words used.


Symbol Table
------------
     1,F:   FIVE            4011  		                                  		                                  
  ==============================  		                                  		                                  
     2,C:   L            0000001  		                                  		                                  
  ==============================  		                                  		                                  
     3,C:   Q            0000002  		                                  		                                  
  ==============================  		                                  		                                  
     4,F:   TEN             4010  		

Unresolved symbols:  0
Fatal errors:  0
Warnings:  0

Bugger word 43671 at 02,2014.
